1784816768.186629 client started (30119): version 3.7b, socket /tmp/tmux-1000/default, protocol 8
1784816768.186653 on Linux 7.1.4 #1-NixOS SMP PREEMPT_DYNAMIC Sat Jul 18 14:55:52 UTC 2026
1784816768.186655 using libevent 2.1.12-stable poll
1784816768.186658 using utf8proc 2.11.3
1784816768.186659 using ncurses 6.6 20251230
1784816768.186667 flags are 0x10010000
1784816768.186672 socket is /tmp/tmux-1000/default
1784816768.186684 trying connect
1784816768.186711 add peer 0x5d9ae0860ec0: 6 ((nil))
1784816768.186933 sending message 111 to peer 0x5d9ae0860ec0 (8 bytes)
1784816768.186937 sending message 111 to peer 0x5d9ae0860ec0 (8 bytes)
1784816768.186938 sending message 101 to peer 0x5d9ae0860ec0 (14 bytes)
1784816768.186939 sending message 109 to peer 0x5d9ae0860ec0 (4 bytes)
1784816768.186940 sending message 102 to peer 0x5d9ae0860ec0 (11 bytes)
1784816768.186941 sending message 108 to peer 0x5d9ae0860ec0 (15 bytes)
1784816768.186942 sending message 112 to peer 0x5d9ae0860ec0 (70 bytes)
1784816768.186943 sending message 112 to peer 0x5d9ae0860ec0 (5 bytes)
1784816768.186944 sending message 112 to peer 0x5d9ae0860ec0 (5 bytes)
1784816768.186945 sending message 112 to peer 0x5d9ae0860ec0 (6 bytes)
1784816768.186946 sending message 112 to peer 0x5d9ae0860ec0 (6 bytes)
1784816768.186947 sending message 112 to peer 0x5d9ae0860ec0 (11 bytes)
1784816768.186948 sending message 112 to peer 0x5d9ae0860ec0 (10 bytes)
1784816768.186950 sending message 112 to peer 0x5d9ae0860ec0 (13 bytes)
1784816768.186952 sending message 112 to peer 0x5d9ae0860ec0 (13 bytes)
1784816768.186952 sending message 112 to peer 0x5d9ae0860ec0 (18 bytes)
1784816768.186953 sending message 112 to peer 0x5d9ae0860ec0 (11 bytes)
1784816768.186954 sending message 112 to peer 0x5d9ae0860ec0 (10 bytes)
1784816768.186955 sending message 112 to peer 0x5d9ae0860ec0 (15 bytes)
1784816768.186956 sending message 112 to peer 0x5d9ae0860ec0 (21 bytes)
1784816768.186957 sending message 112 to peer 0x5d9ae0860ec0 (13 bytes)
1784816768.186958 sending message 112 to peer 0x5d9ae0860ec0 (7 bytes)
1784816768.186959 sending message 112 to peer 0x5d9ae0860ec0 (13 bytes)
1784816768.186960 sending message 112 to peer 0x5d9ae0860ec0 (7 bytes)
1784816768.186961 sending message 112 to peer 0x5d9ae0860ec0 (13 bytes)
1784816768.186962 sending message 112 to peer 0x5d9ae0860ec0 (9 bytes)
1784816768.186962 sending message 112 to peer 0x5d9ae0860ec0 (21 bytes)
1784816768.186963 sending message 112 to peer 0x5d9ae0860ec0 (13 bytes)
1784816768.186964 sending message 112 to peer 0x5d9ae0860ec0 (8 bytes)
1784816768.186965 sending message 112 to peer 0x5d9ae0860ec0 (12 bytes)
1784816768.186966 sending message 112 to peer 0x5d9ae0860ec0 (13 bytes)
1784816768.186967 sending message 112 to peer 0x5d9ae0860ec0 (9 bytes)
1784816768.186968 sending message 112 to peer 0x5d9ae0860ec0 (9 bytes)
1784816768.186969 sending message 112 to peer 0x5d9ae0860ec0 (12 bytes)
1784816768.186970 sending message 112 to peer 0x5d9ae0860ec0 (8 bytes)
1784816768.186971 sending message 112 to peer 0x5d9ae0860ec0 (8 bytes)
1784816768.186972 sending message 112 to peer 0x5d9ae0860ec0 (7 bytes)
1784816768.186972 sending message 112 to peer 0x5d9ae0860ec0 (7 bytes)
1784816768.186973 sending message 112 to peer 0x5d9ae0860ec0 (9 bytes)
1784816768.186974 sending message 112 to peer 0x5d9ae0860ec0 (13 bytes)
1784816768.186975 sending message 112 to peer 0x5d9ae0860ec0 (6 bytes)
1784816768.186976 sending message 112 to peer 0x5d9ae0860ec0 (9 bytes)
1784816768.186977 sending message 112 to peer 0x5d9ae0860ec0 (15 bytes)
1784816768.186978 sending message 112 to peer 0x5d9ae0860ec0 (13 bytes)
1784816768.186979 sending message 112 to peer 0x5d9ae0860ec0 (12 bytes)
1784816768.186980 sending message 112 to peer 0x5d9ae0860ec0 (8 bytes)
1784816768.186981 sending message 112 to peer 0x5d9ae0860ec0 (14 bytes)
1784816768.186981 sending message 112 to peer 0x5d9ae0860ec0 (11 bytes)
1784816768.186982 sending message 112 to peer 0x5d9ae0860ec0 (9 bytes)
1784816768.186983 sending message 112 to peer 0x5d9ae0860ec0 (10 bytes)
1784816768.186984 sending message 112 to peer 0x5d9ae0860ec0 (10 bytes)
1784816768.186989 sending message 112 to peer 0x5d9ae0860ec0 (10 bytes)
1784816768.186990 sending message 112 to peer 0x5d9ae0860ec0 (10 bytes)
1784816768.186991 sending message 112 to peer 0x5d9ae0860ec0 (11 bytes)
1784816768.186992 sending message 112 to peer 0x5d9ae0860ec0 (12 bytes)
1784816768.186993 sending message 112 to peer 0x5d9ae0860ec0 (12 bytes)
1784816768.186993 sending message 112 to peer 0x5d9ae0860ec0 (12 bytes)
1784816768.186994 sending message 112 to peer 0x5d9ae0860ec0 (12 bytes)
1784816768.186995 sending message 112 to peer 0x5d9ae0860ec0 (12 bytes)
1784816768.186996 sending message 112 to peer 0x5d9ae0860ec0 (11 bytes)
1784816768.186997 sending message 112 to peer 0x5d9ae0860ec0 (11 bytes)
1784816768.186998 sending message 112 to peer 0x5d9ae0860ec0 (12 bytes)
1784816768.186999 sending message 112 to peer 0x5d9ae0860ec0 (12 bytes)
1784816768.187000 sending message 112 to peer 0x5d9ae0860ec0 (12 bytes)
1784816768.187001 sending message 112 to peer 0x5d9ae0860ec0 (12 bytes)
1784816768.187002 sending message 112 to peer 0x5d9ae0860ec0 (12 bytes)
1784816768.187003 sending message 112 to peer 0x5d9ae0860ec0 (10 bytes)
1784816768.187004 sending message 112 to peer 0x5d9ae0860ec0 (12 bytes)
1784816768.187004 sending message 112 to peer 0x5d9ae0860ec0 (13 bytes)
1784816768.187005 sending message 112 to peer 0x5d9ae0860ec0 (13 bytes)
1784816768.187006 sending message 112 to peer 0x5d9ae0860ec0 (13 bytes)
1784816768.187007 sending message 112 to peer 0x5d9ae0860ec0 (13 bytes)
1784816768.187008 sending message 112 to peer 0x5d9ae0860ec0 (13 bytes)
1784816768.187009 sending message 112 to peer 0x5d9ae0860ec0 (8 bytes)
1784816768.187010 sending message 112 to peer 0x5d9ae0860ec0 (11 bytes)
1784816768.187011 sending message 112 to peer 0x5d9ae0860ec0 (11 bytes)
1784816768.187012 sending message 112 to peer 0x5d9ae0860ec0 (11 bytes)
1784816768.187013 sending message 112 to peer 0x5d9ae0860ec0 (12 bytes)
1784816768.187013 sending message 112 to peer 0x5d9ae0860ec0 (12 bytes)
1784816768.187014 sending message 112 to peer 0x5d9ae0860ec0 (12 bytes)
1784816768.187015 sending message 112 to peer 0x5d9ae0860ec0 (12 bytes)
1784816768.187016 sending message 112 to peer 0x5d9ae0860ec0 (13 bytes)
1784816768.187017 sending message 112 to peer 0x5d9ae0860ec0 (13 bytes)
1784816768.187018 sending message 112 to peer 0x5d9ae0860ec0 (13 bytes)
1784816768.187019 sending message 112 to peer 0x5d9ae0860ec0 (8 bytes)
1784816768.187020 sending message 112 to peer 0x5d9ae0860ec0 (13 bytes)
1784816768.187021 sending message 112 to peer 0x5d9ae0860ec0 (13 bytes)
1784816768.187022 sending message 112 to peer 0x5d9ae0860ec0 (13 bytes)
1784816768.187023 sending message 112 to peer 0x5d9ae0860ec0 (13 bytes)
1784816768.187024 sending message 112 to peer 0x5d9ae0860ec0 (13 bytes)
1784816768.187025 sending message 112 to peer 0x5d9ae0860ec0 (12 bytes)
1784816768.187026 sending message 112 to peer 0x5d9ae0860ec0 (12 bytes)
1784816768.187027 sending message 112 to peer 0x5d9ae0860ec0 (12 bytes)
1784816768.187028 sending message 112 to peer 0x5d9ae0860ec0 (12 bytes)
1784816768.187029 sending message 112 to peer 0x5d9ae0860ec0 (13 bytes)
1784816768.187030 sending message 112 to peer 0x5d9ae0860ec0 (8 bytes)
1784816768.187031 sending message 112 to peer 0x5d9ae0860ec0 (13 bytes)
1784816768.187031 sending message 112 to peer 0x5d9ae0860ec0 (13 bytes)
1784816768.187032 sending message 112 to peer 0x5d9ae0860ec0 (13 bytes)
1784816768.187033 sending message 112 to peer 0x5d9ae0860ec0 (13 bytes)
1784816768.187034 sending message 112 to peer 0x5d9ae0860ec0 (13 bytes)
1784816768.187035 sending message 112 to peer 0x5d9ae0860ec0 (13 bytes)
1784816768.187036 sending message 112 to peer 0x5d9ae0860ec0 (13 bytes)
1784816768.187037 sending message 112 to peer 0x5d9ae0860ec0 (12 bytes)
1784816768.187038 sending message 112 to peer 0x5d9ae0860ec0 (12 bytes)
1784816768.187039 sending message 112 to peer 0x5d9ae0860ec0 (12 bytes)
1784816768.187040 sending message 112 to peer 0x5d9ae0860ec0 (8 bytes)
1784816768.187041 sending message 112 to peer 0x5d9ae0860ec0 (12 bytes)
1784816768.187043 sending message 112 to peer 0x5d9ae0860ec0 (13 bytes)
1784816768.187044 sending message 112 to peer 0x5d9ae0860ec0 (13 bytes)
1784816768.187045 sending message 112 to peer 0x5d9ae0860ec0 (13 bytes)
1784816768.187046 sending message 112 to peer 0x5d9ae0860ec0 (13 bytes)
1784816768.187046 sending message 112 to peer 0x5d9ae0860ec0 (13 bytes)
1784816768.187047 sending message 112 to peer 0x5d9ae0860ec0 (13 bytes)
1784816768.187048 sending message 112 to peer 0x5d9ae0860ec0 (13 bytes)
1784816768.187049 sending message 112 to peer 0x5d9ae0860ec0 (13 bytes)
1784816768.187050 sending message 112 to peer 0x5d9ae0860ec0 (12 bytes)
1784816768.187051 sending message 112 to peer 0x5d9ae0860ec0 (10 bytes)
1784816768.187052 sending message 112 to peer 0x5d9ae0860ec0 (12 bytes)
1784816768.187053 sending message 112 to peer 0x5d9ae0860ec0 (12 bytes)
1784816768.187054 sending message 112 to peer 0x5d9ae0860ec0 (12 bytes)
1784816768.187054 sending message 112 to peer 0x5d9ae0860ec0 (13 bytes)
1784816768.187055 sending message 112 to peer 0x5d9ae0860ec0 (13 bytes)
1784816768.187056 sending message 112 to peer 0x5d9ae0860ec0 (13 bytes)
1784816768.187057 sending message 112 to peer 0x5d9ae0860ec0 (13 bytes)
1784816768.187058 sending message 112 to peer 0x5d9ae0860ec0 (13 bytes)
1784816768.187059 sending message 112 to peer 0x5d9ae0860ec0 (13 bytes)
1784816768.187060 sending message 112 to peer 0x5d9ae0860ec0 (13 bytes)
1784816768.187061 sending message 112 to peer 0x5d9ae0860ec0 (10 bytes)
1784816768.187062 sending message 112 to peer 0x5d9ae0860ec0 (13 bytes)
1784816768.187063 sending message 112 to peer 0x5d9ae0860ec0 (12 bytes)
1784816768.187064 sending message 112 to peer 0x5d9ae0860ec0 (12 bytes)
1784816768.187064 sending message 112 to peer 0x5d9ae0860ec0 (12 bytes)
1784816768.187065 sending message 112 to peer 0x5d9ae0860ec0 (10 bytes)
1784816768.187066 sending message 112 to peer 0x5d9ae0860ec0 (10 bytes)
1784816768.187067 sending message 112 to peer 0x5d9ae0860ec0 (10 bytes)
1784816768.187068 sending message 112 to peer 0x5d9ae0860ec0 (12 bytes)
1784816768.187069 sending message 112 to peer 0x5d9ae0860ec0 (13 bytes)
1784816768.187070 sending message 112 to peer 0x5d9ae0860ec0 (13 bytes)
1784816768.187071 sending message 112 to peer 0x5d9ae0860ec0 (13 bytes)
1784816768.187072 sending message 112 to peer 0x5d9ae0860ec0 (13 bytes)
1784816768.187073 sending message 112 to peer 0x5d9ae0860ec0 (13 bytes)
1784816768.187073 sending message 112 to peer 0x5d9ae0860ec0 (11 bytes)
1784816768.187074 sending message 112 to peer 0x5d9ae0860ec0 (11 bytes)
1784816768.187075 sending message 112 to peer 0x5d9ae0860ec0 (12 bytes)
1784816768.187076 sending message 112 to peer 0x5d9ae0860ec0 (12 bytes)
1784816768.187077 sending message 112 to peer 0x5d9ae0860ec0 (12 bytes)
1784816768.187078 sending message 112 to peer 0x5d9ae0860ec0 (12 bytes)
1784816768.187079 sending message 112 to peer 0x5d9ae0860ec0 (12 bytes)
1784816768.187080 sending message 112 to peer 0x5d9ae0860ec0 (11 bytes)
1784816768.187081 sending message 112 to peer 0x5d9ae0860ec0 (12 bytes)
1784816768.187082 sending message 112 to peer 0x5d9ae0860ec0 (12 bytes)
1784816768.187083 sending message 112 to peer 0x5d9ae0860ec0 (13 bytes)
1784816768.187084 sending message 112 to peer 0x5d9ae0860ec0 (13 bytes)
1784816768.187084 sending message 112 to peer 0x5d9ae0860ec0 (13 bytes)
1784816768.187085 sending message 112 to peer 0x5d9ae0860ec0 (13 bytes)
1784816768.187086 sending message 112 to peer 0x5d9ae0860ec0 (13 bytes)
1784816768.187087 sending message 112 to peer 0x5d9ae0860ec0 (10 bytes)
1784816768.187088 sending message 112 to peer 0x5d9ae0860ec0 (9 bytes)
1784816768.187089 sending message 112 to peer 0x5d9ae0860ec0 (12 bytes)
1784816768.187090 sending message 112 to peer 0x5d9ae0860ec0 (13 bytes)
1784816768.187091 sending message 112 to peer 0x5d9ae0860ec0 (13 bytes)
1784816768.187092 sending message 112 to peer 0x5d9ae0860ec0 (13 bytes)
1784816768.187093 sending message 112 to peer 0x5d9ae0860ec0 (13 bytes)
1784816768.187094 sending message 112 to peer 0x5d9ae0860ec0 (13 bytes)
1784816768.187096 sending message 112 to peer 0x5d9ae0860ec0 (9 bytes)
1784816768.187096 sending message 112 to peer 0x5d9ae0860ec0 (12 bytes)
1784816768.187097 sending message 112 to peer 0x5d9ae0860ec0 (13 bytes)
1784816768.187098 sending message 112 to peer 0x5d9ae0860ec0 (13 bytes)
1784816768.187099 sending message 112 to peer 0x5d9ae0860ec0 (13 bytes)
1784816768.187100 sending message 112 to peer 0x5d9ae0860ec0 (13 bytes)
1784816768.187101 sending message 112 to peer 0x5d9ae0860ec0 (13 bytes)
1784816768.187102 sending message 112 to peer 0x5d9ae0860ec0 (11 bytes)
1784816768.187103 sending message 112 to peer 0x5d9ae0860ec0 (12 bytes)
1784816768.187104 sending message 112 to peer 0x5d9ae0860ec0 (13 bytes)
1784816768.187104 sending message 112 to peer 0x5d9ae0860ec0 (13 bytes)
1784816768.187105 sending message 112 to peer 0x5d9ae0860ec0 (13 bytes)
1784816768.187106 sending message 112 to peer 0x5d9ae0860ec0 (13 bytes)
1784816768.187107 sending message 112 to peer 0x5d9ae0860ec0 (13 bytes)
1784816768.187108 sending message 112 to peer 0x5d9ae0860ec0 (11 bytes)
1784816768.187109 sending message 112 to peer 0x5d9ae0860ec0 (12 bytes)
1784816768.187110 sending message 112 to peer 0x5d9ae0860ec0 (12 bytes)
1784816768.187111 sending message 112 to peer 0x5d9ae0860ec0 (12 bytes)
1784816768.187112 sending message 112 to peer 0x5d9ae0860ec0 (12 bytes)
1784816768.187113 sending message 112 to peer 0x5d9ae0860ec0 (12 bytes)
1784816768.187113 sending message 112 to peer 0x5d9ae0860ec0 (21 bytes)
1784816768.187114 sending message 112 to peer 0x5d9ae0860ec0 (12 bytes)
1784816768.187115 sending message 112 to peer 0x5d9ae0860ec0 (9 bytes)
1784816768.187116 sending message 112 to peer 0x5d9ae0860ec0 (6 bytes)
1784816768.187117 sending message 112 to peer 0x5d9ae0860ec0 (13 bytes)
1784816768.187118 sending message 112 to peer 0x5d9ae0860ec0 (8 bytes)
1784816768.187119 sending message 112 to peer 0x5d9ae0860ec0 (15 bytes)
1784816768.187120 sending message 112 to peer 0x5d9ae0860ec0 (13 bytes)
1784816768.187121 sending message 112 to peer 0x5d9ae0860ec0 (9 bytes)
1784816768.187122 sending message 112 to peer 0x5d9ae0860ec0 (70 bytes)
1784816768.187123 sending message 112 to peer 0x5d9ae0860ec0 (69 bytes)
1784816768.187124 sending message 112 to peer 0x5d9ae0860ec0 (10 bytes)
1784816768.187125 sending message 112 to peer 0x5d9ae0860ec0 (10 bytes)
1784816768.187126 sending message 112 to peer 0x5d9ae0860ec0 (8 bytes)
1784816768.187127 sending message 112 to peer 0x5d9ae0860ec0 (15 bytes)
1784816768.187128 sending message 112 to peer 0x5d9ae0860ec0 (13 bytes)
1784816768.187129 sending message 112 to peer 0x5d9ae0860ec0 (10 bytes)
1784816768.187130 sending message 112 to peer 0x5d9ae0860ec0 (10 bytes)
1784816768.187130 sending message 112 to peer 0x5d9ae0860ec0 (17 bytes)
1784816768.187131 sending message 112 to peer 0x5d9ae0860ec0 (10 bytes)
1784816768.187132 sending message 112 to peer 0x5d9ae0860ec0 (13 bytes)
1784816768.187133 sending message 112 to peer 0x5d9ae0860ec0 (9 bytes)
1784816768.187134 sending message 112 to peer 0x5d9ae0860ec0 (5 bytes)
1784816768.187135 sending message 112 to peer 0x5d9ae0860ec0 (15 bytes)
1784816768.187137 sending message 104 to peer 0x5d9ae0860ec0 (0 bytes)
1784816768.187138 sending message 110 to peer 0x5d9ae0860ec0 (0 bytes)
1784816768.187139 sending message 107 to peer 0x5d9ae0860ec0 (4 bytes)
1784816768.187140 sending message 105 to peer 0x5d9ae0860ec0 (308 bytes)
1784816768.187141 sending message 105 to peer 0x5d9ae0860ec0 (20 bytes)
1784816768.187142 sending message 105 to peer 0x5d9ae0860ec0 (35 bytes)
1784816768.187143 sending message 105 to peer 0x5d9ae0860ec0 (72 bytes)
1784816768.187144 sending message 105 to peer 0x5d9ae0860ec0 (15 bytes)
1784816768.187145 sending message 105 to peer 0x5d9ae0860ec0 (64 bytes)
1784816768.187146 sending message 105 to peer 0x5d9ae0860ec0 (66 bytes)
1784816768.187147 sending message 105 to peer 0x5d9ae0860ec0 (575 bytes)
1784816768.187148 sending message 105 to peer 0x5d9ae0860ec0 (26 bytes)
1784816768.187149 sending message 105 to peer 0x5d9ae0860ec0 (13 bytes)
1784816768.187151 sending message 105 to peer 0x5d9ae0860ec0 (17 bytes)
1784816768.187152 sending message 105 to peer 0x5d9ae0860ec0 (353 bytes)
1784816768.187153 sending message 105 to peer 0x5d9ae0860ec0 (31 bytes)
1784816768.187154 sending message 105 to peer 0x5d9ae0860ec0 (20 bytes)
1784816768.187155 sending message 105 to peer 0x5d9ae0860ec0 (12 bytes)
1784816768.187156 sending message 105 to peer 0x5d9ae0860ec0 (95 bytes)
1784816768.187157 sending message 105 to peer 0x5d9ae0860ec0 (36 bytes)
1784816768.187158 sending message 105 to peer 0x5d9ae0860ec0 (126 bytes)
1784816768.187159 sending message 105 to peer 0x5d9ae0860ec0 (24 bytes)
1784816768.187160 sending message 105 to peer 0x5d9ae0860ec0 (14 bytes)
1784816768.187161 sending message 105 to peer 0x5d9ae0860ec0 (17 bytes)
1784816768.187162 sending message 105 to peer 0x5d9ae0860ec0 (91 bytes)
1784816768.187163 sending message 105 to peer 0x5d9ae0860ec0 (20 bytes)
1784816768.187164 sending message 105 to peer 0x5d9ae0860ec0 (57 bytes)
1784816768.187165 sending message 105 to peer 0x5d9ae0860ec0 (83 bytes)
1784816768.187166 sending message 105 to peer 0x5d9ae0860ec0 (16 bytes)
1784816768.187166 sending message 105 to peer 0x5d9ae0860ec0 (38 bytes)
1784816768.187167 sending message 105 to peer 0x5d9ae0860ec0 (38 bytes)
1784816768.187168 sending message 105 to peer 0x5d9ae0860ec0 (30 bytes)
1784816768.187169 sending message 105 to peer 0x5d9ae0860ec0 (16 bytes)
1784816768.187170 sending message 105 to peer 0x5d9ae0860ec0 (15 bytes)
1784816768.187171 sending message 105 to peer 0x5d9ae0860ec0 (19 bytes)
1784816768.187172 sending message 105 to peer 0x5d9ae0860ec0 (18 bytes)
1784816768.187173 sending message 105 to peer 0x5d9ae0860ec0 (19 bytes)
1784816768.187174 sending message 105 to peer 0x5d9ae0860ec0 (28 bytes)
1784816768.187175 sending message 105 to peer 0x5d9ae0860ec0 (104 bytes)
1784816768.187176 sending message 105 to peer 0x5d9ae0860ec0 (8 bytes)
1784816768.187177 sending message 105 to peer 0x5d9ae0860ec0 (35 bytes)
1784816768.187178 sending message 105 to peer 0x5d9ae0860ec0 (13 bytes)
1784816768.187179 sending message 105 to peer 0x5d9ae0860ec0 (12 bytes)
1784816768.187180 sending message 105 to peer 0x5d9ae0860ec0 (25 bytes)
1784816768.187180 sending message 105 to peer 0x5d9ae0860ec0 (11 bytes)
1784816768.187181 sending message 105 to peer 0x5d9ae0860ec0 (64 bytes)
1784816768.187182 sending message 105 to peer 0x5d9ae0860ec0 (24 bytes)
1784816768.187184 sending message 105 to peer 0x5d9ae0860ec0 (954 bytes)
1784816768.187185 sending message 105 to peer 0x5d9ae0860ec0 (89 bytes)
1784816768.187186 sending message 105 to peer 0x5d9ae0860ec0 (10 bytes)
1784816768.187187 sending message 105 to peer 0x5d9ae0860ec0 (17 bytes)
1784816768.187188 sending message 105 to peer 0x5d9ae0860ec0 (30 bytes)
1784816768.187189 sending message 105 to peer 0x5d9ae0860ec0 (76 bytes)
1784816768.187190 sending message 105 to peer 0x5d9ae0860ec0 (11 bytes)
1784816768.187191 sending message 105 to peer 0x5d9ae0860ec0 (655 bytes)
1784816768.187192 sending message 105 to peer 0x5d9ae0860ec0 (26 bytes)
1784816768.187193 sending message 105 to peer 0x5d9ae0860ec0 (43 bytes)
1784816768.187194 sending message 105 to peer 0x5d9ae0860ec0 (21 bytes)
1784816768.187195 sending message 105 to peer 0x5d9ae0860ec0 (20 bytes)
1784816768.187195 sending message 105 to peer 0x5d9ae0860ec0 (29 bytes)
1784816768.187196 sending message 105 to peer 0x5d9ae0860ec0 (31 bytes)
1784816768.187197 sending message 105 to peer 0x5d9ae0860ec0 (36 bytes)
1784816768.187198 sending message 105 to peer 0x5d9ae0860ec0 (94 bytes)
1784816768.187199 sending message 105 to peer 0x5d9ae0860ec0 (408 bytes)
1784816768.187200 sending message 105 to peer 0x5d9ae0860ec0 (707 bytes)
1784816768.187202 sending message 105 to peer 0x5d9ae0860ec0 (11 bytes)
1784816768.187202 sending message 105 to peer 0x5d9ae0860ec0 (34 bytes)
1784816768.187203 sending message 105 to peer 0x5d9ae0860ec0 (232 bytes)
1784816768.187204 sending message 105 to peer 0x5d9ae0860ec0 (32 bytes)
1784816768.187206 sending message 105 to peer 0x5d9ae0860ec0 (21 bytes)
1784816768.187207 sending message 105 to peer 0x5d9ae0860ec0 (54 bytes)
1784816768.187209 sending message 105 to peer 0x5d9ae0860ec0 (296 bytes)
1784816768.187210 sending message 105 to peer 0x5d9ae0860ec0 (30 bytes)
1784816768.187211 sending message 105 to peer 0x5d9ae0860ec0 (38 bytes)
1784816768.187212 sending message 105 to peer 0x5d9ae0860ec0 (29 bytes)
1784816768.187213 sending message 105 to peer 0x5d9ae0860ec0 (340 bytes)
1784816768.187214 sending message 106 to peer 0x5d9ae0860ec0 (0 bytes)
1784816768.187250 cmd_pack_argv: argv[0]=new
1784816768.187253 sending message 200 to peer 0x5d9ae0860ec0 (8 bytes)
1784816768.187254 client loop enter
1784816768.187366 peer 0x5d9ae0860ec0 message 303
1784816768.187368 open write file 2 -
1784816768.187372 sending message 305 to peer 0x5d9ae0860ec0 (8 bytes)
1784816768.187374 write check file 2
1784816768.187390 peer 0x5d9ae0860ec0 message 304
1784816768.187391 write 58 to file 2
1784816768.187401 peer 0x5d9ae0860ec0 message 203
1784816768.187402 file 2 58 bytes left
1784816768.187409 write check file 2
1784816768.187410 client loop exit
