1784816772.849106 client started (30322): version 3.7b, socket /tmp/tmux-1000/default, protocol 8
1784816772.849121 on Linux 7.1.4 #1-NixOS SMP PREEMPT_DYNAMIC Sat Jul 18 14:55:52 UTC 2026
1784816772.849123 using libevent 2.1.12-stable poll
1784816772.849125 using utf8proc 2.11.3
1784816772.849126 using ncurses 6.6 20251230
1784816772.849133 flags are 0x10010000
1784816772.849137 socket is /tmp/tmux-1000/default
1784816772.849141 trying connect
1784816772.849155 add peer 0x5c9c7ceaeae0: 6 ((nil))
1784816772.849413 sending message 111 to peer 0x5c9c7ceaeae0 (8 bytes)
1784816772.849416 sending message 111 to peer 0x5c9c7ceaeae0 (8 bytes)
1784816772.849418 sending message 101 to peer 0x5c9c7ceaeae0 (5 bytes)
1784816772.849419 sending message 109 to peer 0x5c9c7ceaeae0 (4 bytes)
1784816772.849420 sending message 102 to peer 0x5c9c7ceaeae0 (11 bytes)
1784816772.849421 sending message 108 to peer 0x5c9c7ceaeae0 (15 bytes)
1784816772.849422 sending message 112 to peer 0x5c9c7ceaeae0 (58 bytes)
1784816772.849423 sending message 112 to peer 0x5c9c7ceaeae0 (5 bytes)
1784816772.849430 sending message 112 to peer 0x5c9c7ceaeae0 (5 bytes)
1784816772.849431 sending message 112 to peer 0x5c9c7ceaeae0 (6 bytes)
1784816772.849433 sending message 112 to peer 0x5c9c7ceaeae0 (6 bytes)
1784816772.849434 sending message 112 to peer 0x5c9c7ceaeae0 (11 bytes)
1784816772.849436 sending message 112 to peer 0x5c9c7ceaeae0 (10 bytes)
1784816772.849437 sending message 112 to peer 0x5c9c7ceaeae0 (13 bytes)
1784816772.849445 sending message 112 to peer 0x5c9c7ceaeae0 (14 bytes)
1784816772.849447 sending message 112 to peer 0x5c9c7ceaeae0 (19 bytes)
1784816772.849448 sending message 112 to peer 0x5c9c7ceaeae0 (11 bytes)
1784816772.849450 sending message 112 to peer 0x5c9c7ceaeae0 (11 bytes)
1784816772.849451 sending message 112 to peer 0x5c9c7ceaeae0 (16 bytes)
1784816772.849512 sending message 112 to peer 0x5c9c7ceaeae0 (21 bytes)
1784816772.849514 sending message 112 to peer 0x5c9c7ceaeae0 (13 bytes)
1784816772.849515 sending message 112 to peer 0x5c9c7ceaeae0 (7 bytes)
1784816772.849516 sending message 112 to peer 0x5c9c7ceaeae0 (13 bytes)
1784816772.849516 sending message 112 to peer 0x5c9c7ceaeae0 (7 bytes)
1784816772.849517 sending message 112 to peer 0x5c9c7ceaeae0 (13 bytes)
1784816772.849518 sending message 112 to peer 0x5c9c7ceaeae0 (9 bytes)
1784816772.849519 sending message 112 to peer 0x5c9c7ceaeae0 (21 bytes)
1784816772.849520 sending message 112 to peer 0x5c9c7ceaeae0 (13 bytes)
1784816772.849521 sending message 112 to peer 0x5c9c7ceaeae0 (9 bytes)
1784816772.849522 sending message 112 to peer 0x5c9c7ceaeae0 (16 bytes)
1784816772.849523 sending message 112 to peer 0x5c9c7ceaeae0 (13 bytes)
1784816772.849524 sending message 112 to peer 0x5c9c7ceaeae0 (9 bytes)
1784816772.849525 sending message 112 to peer 0x5c9c7ceaeae0 (9 bytes)
1784816772.849525 sending message 112 to peer 0x5c9c7ceaeae0 (12 bytes)
1784816772.849527 sending message 112 to peer 0x5c9c7ceaeae0 (8 bytes)
1784816772.849528 sending message 112 to peer 0x5c9c7ceaeae0 (8 bytes)
1784816772.849529 sending message 112 to peer 0x5c9c7ceaeae0 (13 bytes)
1784816772.849530 sending message 112 to peer 0x5c9c7ceaeae0 (7 bytes)
1784816772.849530 sending message 112 to peer 0x5c9c7ceaeae0 (7 bytes)
1784816772.849531 sending message 112 to peer 0x5c9c7ceaeae0 (9 bytes)
1784816772.849532 sending message 112 to peer 0x5c9c7ceaeae0 (7 bytes)
1784816772.849533 sending message 112 to peer 0x5c9c7ceaeae0 (9 bytes)
1784816772.849535 sending message 112 to peer 0x5c9c7ceaeae0 (15 bytes)
1784816772.849536 sending message 112 to peer 0x5c9c7ceaeae0 (13 bytes)
1784816772.849537 sending message 112 to peer 0x5c9c7ceaeae0 (12 bytes)
1784816772.849538 sending message 112 to peer 0x5c9c7ceaeae0 (8 bytes)
1784816772.849539 sending message 112 to peer 0x5c9c7ceaeae0 (14 bytes)
1784816772.849540 sending message 112 to peer 0x5c9c7ceaeae0 (11 bytes)
1784816772.849541 sending message 112 to peer 0x5c9c7ceaeae0 (9 bytes)
1784816772.849542 sending message 112 to peer 0x5c9c7ceaeae0 (10 bytes)
1784816772.849542 sending message 112 to peer 0x5c9c7ceaeae0 (10 bytes)
1784816772.849547 sending message 112 to peer 0x5c9c7ceaeae0 (10 bytes)
1784816772.849548 sending message 112 to peer 0x5c9c7ceaeae0 (10 bytes)
1784816772.849549 sending message 112 to peer 0x5c9c7ceaeae0 (11 bytes)
1784816772.849550 sending message 112 to peer 0x5c9c7ceaeae0 (12 bytes)
1784816772.849551 sending message 112 to peer 0x5c9c7ceaeae0 (12 bytes)
1784816772.849552 sending message 112 to peer 0x5c9c7ceaeae0 (12 bytes)
1784816772.849553 sending message 112 to peer 0x5c9c7ceaeae0 (12 bytes)
1784816772.849554 sending message 112 to peer 0x5c9c7ceaeae0 (12 bytes)
1784816772.849555 sending message 112 to peer 0x5c9c7ceaeae0 (11 bytes)
1784816772.849556 sending message 112 to peer 0x5c9c7ceaeae0 (11 bytes)
1784816772.849557 sending message 112 to peer 0x5c9c7ceaeae0 (12 bytes)
1784816772.849559 sending message 112 to peer 0x5c9c7ceaeae0 (12 bytes)
1784816772.849560 sending message 112 to peer 0x5c9c7ceaeae0 (12 bytes)
1784816772.849561 sending message 112 to peer 0x5c9c7ceaeae0 (12 bytes)
1784816772.849563 sending message 112 to peer 0x5c9c7ceaeae0 (12 bytes)
1784816772.849565 sending message 112 to peer 0x5c9c7ceaeae0 (9 bytes)
1784816772.849565 sending message 112 to peer 0x5c9c7ceaeae0 (12 bytes)
1784816772.849566 sending message 112 to peer 0x5c9c7ceaeae0 (13 bytes)
1784816772.849567 sending message 112 to peer 0x5c9c7ceaeae0 (13 bytes)
1784816772.849568 sending message 112 to peer 0x5c9c7ceaeae0 (13 bytes)
1784816772.849569 sending message 112 to peer 0x5c9c7ceaeae0 (13 bytes)
1784816772.849570 sending message 112 to peer 0x5c9c7ceaeae0 (13 bytes)
1784816772.849571 sending message 112 to peer 0x5c9c7ceaeae0 (8 bytes)
1784816772.849572 sending message 112 to peer 0x5c9c7ceaeae0 (11 bytes)
1784816772.849573 sending message 112 to peer 0x5c9c7ceaeae0 (11 bytes)
1784816772.849573 sending message 112 to peer 0x5c9c7ceaeae0 (11 bytes)
1784816772.849575 sending message 112 to peer 0x5c9c7ceaeae0 (12 bytes)
1784816772.849576 sending message 112 to peer 0x5c9c7ceaeae0 (12 bytes)
1784816772.849577 sending message 112 to peer 0x5c9c7ceaeae0 (12 bytes)
1784816772.849578 sending message 112 to peer 0x5c9c7ceaeae0 (12 bytes)
1784816772.849579 sending message 112 to peer 0x5c9c7ceaeae0 (13 bytes)
1784816772.849579 sending message 112 to peer 0x5c9c7ceaeae0 (13 bytes)
1784816772.849580 sending message 112 to peer 0x5c9c7ceaeae0 (13 bytes)
1784816772.849581 sending message 112 to peer 0x5c9c7ceaeae0 (8 bytes)
1784816772.849582 sending message 112 to peer 0x5c9c7ceaeae0 (13 bytes)
1784816772.849583 sending message 112 to peer 0x5c9c7ceaeae0 (13 bytes)
1784816772.849584 sending message 112 to peer 0x5c9c7ceaeae0 (13 bytes)
1784816772.849585 sending message 112 to peer 0x5c9c7ceaeae0 (13 bytes)
1784816772.849586 sending message 112 to peer 0x5c9c7ceaeae0 (13 bytes)
1784816772.849587 sending message 112 to peer 0x5c9c7ceaeae0 (12 bytes)
1784816772.849588 sending message 112 to peer 0x5c9c7ceaeae0 (12 bytes)
1784816772.849588 sending message 112 to peer 0x5c9c7ceaeae0 (12 bytes)
1784816772.849589 sending message 112 to peer 0x5c9c7ceaeae0 (12 bytes)
1784816772.849590 sending message 112 to peer 0x5c9c7ceaeae0 (13 bytes)
1784816772.849591 sending message 112 to peer 0x5c9c7ceaeae0 (8 bytes)
1784816772.849592 sending message 112 to peer 0x5c9c7ceaeae0 (13 bytes)
1784816772.849593 sending message 112 to peer 0x5c9c7ceaeae0 (13 bytes)
1784816772.849594 sending message 112 to peer 0x5c9c7ceaeae0 (13 bytes)
1784816772.849595 sending message 112 to peer 0x5c9c7ceaeae0 (13 bytes)
1784816772.849596 sending message 112 to peer 0x5c9c7ceaeae0 (13 bytes)
1784816772.849597 sending message 112 to peer 0x5c9c7ceaeae0 (13 bytes)
1784816772.849598 sending message 112 to peer 0x5c9c7ceaeae0 (13 bytes)
1784816772.849599 sending message 112 to peer 0x5c9c7ceaeae0 (12 bytes)
1784816772.849599 sending message 112 to peer 0x5c9c7ceaeae0 (12 bytes)
1784816772.849600 sending message 112 to peer 0x5c9c7ceaeae0 (12 bytes)
1784816772.849601 sending message 112 to peer 0x5c9c7ceaeae0 (8 bytes)
1784816772.849602 sending message 112 to peer 0x5c9c7ceaeae0 (12 bytes)
1784816772.849605 sending message 112 to peer 0x5c9c7ceaeae0 (13 bytes)
1784816772.849606 sending message 112 to peer 0x5c9c7ceaeae0 (13 bytes)
1784816772.849607 sending message 112 to peer 0x5c9c7ceaeae0 (13 bytes)
1784816772.849608 sending message 112 to peer 0x5c9c7ceaeae0 (13 bytes)
1784816772.849609 sending message 112 to peer 0x5c9c7ceaeae0 (13 bytes)
1784816772.849611 sending message 112 to peer 0x5c9c7ceaeae0 (13 bytes)
1784816772.849612 sending message 112 to peer 0x5c9c7ceaeae0 (13 bytes)
1784816772.849614 sending message 112 to peer 0x5c9c7ceaeae0 (13 bytes)
1784816772.849615 sending message 112 to peer 0x5c9c7ceaeae0 (12 bytes)
1784816772.849617 sending message 112 to peer 0x5c9c7ceaeae0 (10 bytes)
1784816772.849619 sending message 112 to peer 0x5c9c7ceaeae0 (12 bytes)
1784816772.849621 sending message 112 to peer 0x5c9c7ceaeae0 (12 bytes)
1784816772.849622 sending message 112 to peer 0x5c9c7ceaeae0 (12 bytes)
1784816772.849624 sending message 112 to peer 0x5c9c7ceaeae0 (13 bytes)
1784816772.849625 sending message 112 to peer 0x5c9c7ceaeae0 (13 bytes)
1784816772.849627 sending message 112 to peer 0x5c9c7ceaeae0 (13 bytes)
1784816772.849628 sending message 112 to peer 0x5c9c7ceaeae0 (13 bytes)
1784816772.849630 sending message 112 to peer 0x5c9c7ceaeae0 (13 bytes)
1784816772.849632 sending message 112 to peer 0x5c9c7ceaeae0 (13 bytes)
1784816772.849633 sending message 112 to peer 0x5c9c7ceaeae0 (13 bytes)
1784816772.849635 sending message 112 to peer 0x5c9c7ceaeae0 (10 bytes)
1784816772.849636 sending message 112 to peer 0x5c9c7ceaeae0 (13 bytes)
1784816772.849638 sending message 112 to peer 0x5c9c7ceaeae0 (12 bytes)
1784816772.849639 sending message 112 to peer 0x5c9c7ceaeae0 (12 bytes)
1784816772.849641 sending message 112 to peer 0x5c9c7ceaeae0 (12 bytes)
1784816772.849643 sending message 112 to peer 0x5c9c7ceaeae0 (10 bytes)
1784816772.849644 sending message 112 to peer 0x5c9c7ceaeae0 (10 bytes)
1784816772.849646 sending message 112 to peer 0x5c9c7ceaeae0 (10 bytes)
1784816772.849648 sending message 112 to peer 0x5c9c7ceaeae0 (12 bytes)
1784816772.849649 sending message 112 to peer 0x5c9c7ceaeae0 (13 bytes)
1784816772.849651 sending message 112 to peer 0x5c9c7ceaeae0 (13 bytes)
1784816772.849652 sending message 112 to peer 0x5c9c7ceaeae0 (13 bytes)
1784816772.849654 sending message 112 to peer 0x5c9c7ceaeae0 (13 bytes)
1784816772.849655 sending message 112 to peer 0x5c9c7ceaeae0 (13 bytes)
1784816772.849657 sending message 112 to peer 0x5c9c7ceaeae0 (10 bytes)
1784816772.849659 sending message 112 to peer 0x5c9c7ceaeae0 (11 bytes)
1784816772.849660 sending message 112 to peer 0x5c9c7ceaeae0 (12 bytes)
1784816772.849662 sending message 112 to peer 0x5c9c7ceaeae0 (12 bytes)
1784816772.849664 sending message 112 to peer 0x5c9c7ceaeae0 (12 bytes)
1784816772.849665 sending message 112 to peer 0x5c9c7ceaeae0 (12 bytes)
1784816772.849667 sending message 112 to peer 0x5c9c7ceaeae0 (12 bytes)
1784816772.849669 sending message 112 to peer 0x5c9c7ceaeae0 (11 bytes)
1784816772.849670 sending message 112 to peer 0x5c9c7ceaeae0 (12 bytes)
1784816772.849672 sending message 112 to peer 0x5c9c7ceaeae0 (12 bytes)
1784816772.849673 sending message 112 to peer 0x5c9c7ceaeae0 (13 bytes)
1784816772.849675 sending message 112 to peer 0x5c9c7ceaeae0 (13 bytes)
1784816772.849677 sending message 112 to peer 0x5c9c7ceaeae0 (13 bytes)
1784816772.849678 sending message 112 to peer 0x5c9c7ceaeae0 (13 bytes)
1784816772.849680 sending message 112 to peer 0x5c9c7ceaeae0 (13 bytes)
1784816772.849682 sending message 112 to peer 0x5c9c7ceaeae0 (10 bytes)
1784816772.849683 sending message 112 to peer 0x5c9c7ceaeae0 (9 bytes)
1784816772.849685 sending message 112 to peer 0x5c9c7ceaeae0 (12 bytes)
1784816772.849686 sending message 112 to peer 0x5c9c7ceaeae0 (13 bytes)
1784816772.849688 sending message 112 to peer 0x5c9c7ceaeae0 (13 bytes)
1784816772.849690 sending message 112 to peer 0x5c9c7ceaeae0 (13 bytes)
1784816772.849691 sending message 112 to peer 0x5c9c7ceaeae0 (13 bytes)
1784816772.849693 sending message 112 to peer 0x5c9c7ceaeae0 (13 bytes)
1784816772.849696 sending message 112 to peer 0x5c9c7ceaeae0 (9 bytes)
1784816772.849698 sending message 112 to peer 0x5c9c7ceaeae0 (12 bytes)
1784816772.849698 sending message 112 to peer 0x5c9c7ceaeae0 (13 bytes)
1784816772.849699 sending message 112 to peer 0x5c9c7ceaeae0 (13 bytes)
1784816772.849700 sending message 112 to peer 0x5c9c7ceaeae0 (13 bytes)
1784816772.849701 sending message 112 to peer 0x5c9c7ceaeae0 (13 bytes)
1784816772.849702 sending message 112 to peer 0x5c9c7ceaeae0 (13 bytes)
1784816772.849703 sending message 112 to peer 0x5c9c7ceaeae0 (11 bytes)
1784816772.849704 sending message 112 to peer 0x5c9c7ceaeae0 (12 bytes)
1784816772.849705 sending message 112 to peer 0x5c9c7ceaeae0 (13 bytes)
1784816772.849706 sending message 112 to peer 0x5c9c7ceaeae0 (13 bytes)
1784816772.849707 sending message 112 to peer 0x5c9c7ceaeae0 (13 bytes)
1784816772.849707 sending message 112 to peer 0x5c9c7ceaeae0 (13 bytes)
1784816772.849708 sending message 112 to peer 0x5c9c7ceaeae0 (13 bytes)
1784816772.849709 sending message 112 to peer 0x5c9c7ceaeae0 (11 bytes)
1784816772.849710 sending message 112 to peer 0x5c9c7ceaeae0 (12 bytes)
1784816772.849711 sending message 112 to peer 0x5c9c7ceaeae0 (12 bytes)
1784816772.849712 sending message 112 to peer 0x5c9c7ceaeae0 (12 bytes)
1784816772.849713 sending message 112 to peer 0x5c9c7ceaeae0 (12 bytes)
1784816772.849714 sending message 112 to peer 0x5c9c7ceaeae0 (12 bytes)
1784816772.849715 sending message 112 to peer 0x5c9c7ceaeae0 (22 bytes)
1784816772.849715 sending message 112 to peer 0x5c9c7ceaeae0 (12 bytes)
1784816772.849716 sending message 112 to peer 0x5c9c7ceaeae0 (39 bytes)
1784816772.849717 sending message 112 to peer 0x5c9c7ceaeae0 (9 bytes)
1784816772.849724 sending message 112 to peer 0x5c9c7ceaeae0 (6 bytes)
1784816772.849727 sending message 112 to peer 0x5c9c7ceaeae0 (13 bytes)
1784816772.849728 sending message 112 to peer 0x5c9c7ceaeae0 (10 bytes)
1784816772.849729 sending message 112 to peer 0x5c9c7ceaeae0 (24 bytes)
1784816772.849730 sending message 112 to peer 0x5c9c7ceaeae0 (13 bytes)
1784816772.849731 sending message 112 to peer 0x5c9c7ceaeae0 (8 bytes)
1784816772.849732 sending message 112 to peer 0x5c9c7ceaeae0 (70 bytes)
1784816772.849733 sending message 112 to peer 0x5c9c7ceaeae0 (69 bytes)
1784816772.849733 sending message 112 to peer 0x5c9c7ceaeae0 (69 bytes)
1784816772.849734 sending message 112 to peer 0x5c9c7ceaeae0 (35 bytes)
1784816772.849735 sending message 112 to peer 0x5c9c7ceaeae0 (35 bytes)
1784816772.849736 sending message 112 to peer 0x5c9c7ceaeae0 (70 bytes)
1784816772.849737 sending message 112 to peer 0x5c9c7ceaeae0 (12 bytes)
1784816772.849738 sending message 112 to peer 0x5c9c7ceaeae0 (10 bytes)
1784816772.849739 sending message 112 to peer 0x5c9c7ceaeae0 (10 bytes)
1784816772.849740 sending message 112 to peer 0x5c9c7ceaeae0 (24 bytes)
1784816772.849741 sending message 112 to peer 0x5c9c7ceaeae0 (13 bytes)
1784816772.849742 sending message 112 to peer 0x5c9c7ceaeae0 (10 bytes)
1784816772.849743 sending message 112 to peer 0x5c9c7ceaeae0 (10 bytes)
1784816772.849744 sending message 112 to peer 0x5c9c7ceaeae0 (17 bytes)
1784816772.849745 sending message 112 to peer 0x5c9c7ceaeae0 (10 bytes)
1784816772.849746 sending message 112 to peer 0x5c9c7ceaeae0 (13 bytes)
1784816772.849747 sending message 112 to peer 0x5c9c7ceaeae0 (32 bytes)
1784816772.849748 sending message 112 to peer 0x5c9c7ceaeae0 (5 bytes)
1784816772.850600 sending message 112 to peer 0x5c9c7ceaeae0 (9 bytes)
1784816772.850606 sending message 112 to peer 0x5c9c7ceaeae0 (15 bytes)
1784816772.850607 sending message 112 to peer 0x5c9c7ceaeae0 (5 bytes)
1784816772.850609 sending message 104 to peer 0x5c9c7ceaeae0 (0 bytes)
1784816772.850610 sending message 110 to peer 0x5c9c7ceaeae0 (0 bytes)
1784816772.850611 sending message 107 to peer 0x5c9c7ceaeae0 (4 bytes)
1784816772.850612 sending message 105 to peer 0x5c9c7ceaeae0 (36 bytes)
1784816772.850613 sending message 105 to peer 0x5c9c7ceaeae0 (30 bytes)
1784816772.850614 sending message 105 to peer 0x5c9c7ceaeae0 (64 bytes)
1784816772.850618 sending message 105 to peer 0x5c9c7ceaeae0 (76 bytes)
1784816772.850619 sending message 105 to peer 0x5c9c7ceaeae0 (954 bytes)
1784816772.850620 sending message 105 to peer 0x5c9c7ceaeae0 (12 bytes)
1784816772.850621 sending message 105 to peer 0x5c9c7ceaeae0 (13 bytes)
1784816772.850622 sending message 105 to peer 0x5c9c7ceaeae0 (64 bytes)
1784816772.850623 sending message 105 to peer 0x5c9c7ceaeae0 (34 bytes)
1784816772.850624 sending message 105 to peer 0x5c9c7ceaeae0 (66 bytes)
1784816772.850625 sending message 105 to peer 0x5c9c7ceaeae0 (28 bytes)
1784816772.850626 sending message 105 to peer 0x5c9c7ceaeae0 (25 bytes)
1784816772.850627 sending message 105 to peer 0x5c9c7ceaeae0 (104 bytes)
1784816772.850628 sending message 105 to peer 0x5c9c7ceaeae0 (20 bytes)
1784816772.850629 sending message 105 to peer 0x5c9c7ceaeae0 (35 bytes)
1784816772.850630 sending message 105 to peer 0x5c9c7ceaeae0 (17 bytes)
1784816772.850631 sending message 105 to peer 0x5c9c7ceaeae0 (296 bytes)
1784816772.850632 sending message 105 to peer 0x5c9c7ceaeae0 (72 bytes)
1784816772.850633 sending message 105 to peer 0x5c9c7ceaeae0 (575 bytes)
1784816772.850634 sending message 105 to peer 0x5c9c7ceaeae0 (14 bytes)
1784816772.850635 sending message 105 to peer 0x5c9c7ceaeae0 (10 bytes)
1784816772.850636 sending message 105 to peer 0x5c9c7ceaeae0 (11 bytes)
1784816772.850637 sending message 105 to peer 0x5c9c7ceaeae0 (126 bytes)
1784816772.850638 sending message 105 to peer 0x5c9c7ceaeae0 (20 bytes)
1784816772.850639 sending message 105 to peer 0x5c9c7ceaeae0 (24 bytes)
1784816772.850640 sending message 105 to peer 0x5c9c7ceaeae0 (655 bytes)
1784816772.850641 sending message 105 to peer 0x5c9c7ceaeae0 (30 bytes)
1784816772.850642 sending message 105 to peer 0x5c9c7ceaeae0 (29 bytes)
1784816772.850643 sending message 105 to peer 0x5c9c7ceaeae0 (340 bytes)
1784816772.850645 sending message 105 to peer 0x5c9c7ceaeae0 (89 bytes)
1784816772.850646 sending message 105 to peer 0x5c9c7ceaeae0 (12 bytes)
1784816772.850647 sending message 105 to peer 0x5c9c7ceaeae0 (26 bytes)
1784816772.850648 sending message 105 to peer 0x5c9c7ceaeae0 (308 bytes)
1784816772.850649 sending message 105 to peer 0x5c9c7ceaeae0 (24 bytes)
1784816772.850650 sending message 105 to peer 0x5c9c7ceaeae0 (17 bytes)
1784816772.850651 sending message 105 to peer 0x5c9c7ceaeae0 (19 bytes)
1784816772.850652 sending message 105 to peer 0x5c9c7ceaeae0 (83 bytes)
1784816772.850653 sending message 105 to peer 0x5c9c7ceaeae0 (11 bytes)
1784816772.850654 sending message 105 to peer 0x5c9c7ceaeae0 (408 bytes)
1784816772.850655 sending message 105 to peer 0x5c9c7ceaeae0 (13 bytes)
1784816772.850656 sending message 105 to peer 0x5c9c7ceaeae0 (353 bytes)
1784816772.850657 sending message 105 to peer 0x5c9c7ceaeae0 (38 bytes)
1784816772.850658 sending message 105 to peer 0x5c9c7ceaeae0 (16 bytes)
1784816772.850659 sending message 105 to peer 0x5c9c7ceaeae0 (15 bytes)
1784816772.850660 sending message 105 to peer 0x5c9c7ceaeae0 (16 bytes)
1784816772.850661 sending message 105 to peer 0x5c9c7ceaeae0 (21 bytes)
1784816772.850661 sending message 105 to peer 0x5c9c7ceaeae0 (43 bytes)
1784816772.850662 sending message 105 to peer 0x5c9c7ceaeae0 (95 bytes)
1784816772.850663 sending message 105 to peer 0x5c9c7ceaeae0 (31 bytes)
1784816772.850664 sending message 105 to peer 0x5c9c7ceaeae0 (32 bytes)
1784816772.850665 sending message 105 to peer 0x5c9c7ceaeae0 (11 bytes)
1784816772.850666 sending message 105 to peer 0x5c9c7ceaeae0 (20 bytes)
1784816772.850667 sending message 105 to peer 0x5c9c7ceaeae0 (54 bytes)
1784816772.850668 sending message 105 to peer 0x5c9c7ceaeae0 (20 bytes)
1784816772.850669 sending message 105 to peer 0x5c9c7ceaeae0 (8 bytes)
1784816772.850670 sending message 105 to peer 0x5c9c7ceaeae0 (38 bytes)
1784816772.850671 sending message 105 to peer 0x5c9c7ceaeae0 (17 bytes)
1784816772.850672 sending message 105 to peer 0x5c9c7ceaeae0 (30 bytes)
1784816772.850673 sending message 105 to peer 0x5c9c7ceaeae0 (232 bytes)
1784816772.850675 sending message 105 to peer 0x5c9c7ceaeae0 (57 bytes)
1784816772.850676 sending message 105 to peer 0x5c9c7ceaeae0 (94 bytes)
1784816772.850677 sending message 105 to peer 0x5c9c7ceaeae0 (707 bytes)
1784816772.850678 sending message 105 to peer 0x5c9c7ceaeae0 (15 bytes)
1784816772.850679 sending message 105 to peer 0x5c9c7ceaeae0 (38 bytes)
1784816772.850680 sending message 105 to peer 0x5c9c7ceaeae0 (31 bytes)
1784816772.850681 sending message 105 to peer 0x5c9c7ceaeae0 (29 bytes)
1784816772.850682 sending message 105 to peer 0x5c9c7ceaeae0 (10 bytes)
1784816772.850682 sending message 105 to peer 0x5c9c7ceaeae0 (91 bytes)
1784816772.850683 sending message 105 to peer 0x5c9c7ceaeae0 (21 bytes)
1784816772.850684 sending message 105 to peer 0x5c9c7ceaeae0 (36 bytes)
1784816772.850685 sending message 105 to peer 0x5c9c7ceaeae0 (35 bytes)
1784816772.850686 sending message 106 to peer 0x5c9c7ceaeae0 (0 bytes)
1784816772.850731 cmd_pack_argv: argv[0]=new
1784816772.850738 sending message 200 to peer 0x5c9c7ceaeae0 (8 bytes)
1784816772.850739 client loop enter
1784816772.852394 peer 0x5c9c7ceaeae0 message 207
1784816772.852413 sending message 208 to peer 0x5c9c7ceaeae0 (0 bytes)
1784816800.012787 client loop exit
